// Jest Snapshot v1, https://goo.gl/fbAQLP

exports[`Trace view component renders trace view 1`] = `
<Fragment>
  <EuiPage>
    <EuiPageBody>
      <EuiFlexGroup
        alignItems="center"
        gutterSize="s"
      >
        <EuiFlexItem>
          <EuiTitle
            size="l"
          >
            <h2
              className="overview-content"
            >
              test
            </h2>
          </EuiTitle>
        </EuiFlexItem>
      </EuiFlexGroup>
      <EuiSpacer
        size="xl"
      />
      <EuiPanel>
        <PanelTitle
          title="Overview"
        />
        <EuiHorizontalRule
          margin="m"
        />
        <EuiFlexGroup>
          <EuiFlexItem>
            <EuiFlexGroup
              direction="column"
            >
              <EuiFlexItem
                grow={false}
              >
                <EuiText
                  className="overview-title"
                >
                  Trace ID
                </EuiText>
              </EuiFlexItem>
              <EuiFlexItem
                grow={false}
              >
                <EuiText
                  className="overview-title"
                >
                  Trace group name
                </EuiText>
                <EuiText
                  className="overview-content"
                  size="s"
                >
                  -
                </EuiText>
              </EuiFlexItem>
            </EuiFlexGroup>
          </EuiFlexItem>
          <EuiFlexItem>
            <EuiFlexGroup
              direction="column"
            >
              <EuiFlexItem
                grow={false}
              >
                <EuiText
                  className="overview-title"
                >
                  Latency
                </EuiText>
                <EuiText
                  className="overview-content"
                  size="s"
                />
              </EuiFlexItem>
              <EuiFlexItem
                grow={false}
              >
                <EuiText
                  className="overview-title"
                >
                  Last updated
                </EuiText>
                <EuiText
                  className="overview-content"
                  size="s"
                />
              </EuiFlexItem>
            </EuiFlexGroup>
          </EuiFlexItem>
          <EuiFlexItem>
            <EuiFlexGroup
              direction="column"
            >
              <EuiFlexItem
                grow={false}
              >
                <EuiText
                  className="overview-title"
                >
                  Errors
                </EuiText>
                <EuiText
                  className="overview-content"
                  size="s"
                >
                  -
                </EuiText>
              </EuiFlexItem>
            </EuiFlexGroup>
          </EuiFlexItem>
        </EuiFlexGroup>
      </EuiPanel>
      <EuiSpacer />
      <EuiFlexGroup>
        <EuiFlexItem
          grow={3}
        >
          <ServiceBreakdownPanel
            data={Array []}
          />
        </EuiFlexItem>
        <EuiFlexItem
          grow={7}
        >
          <SpanDetailPanel
            colorMap={Object {}}
            http={[MockFunction]}
            traceId="test"
          />
        </EuiFlexItem>
      </EuiFlexGroup>
      <EuiSpacer />
      <EuiPanel>
        <EuiFlexGroup>
          <EuiFlexItem>
            <PanelTitle
              title="Payload"
            />
          </EuiFlexItem>
        </EuiFlexGroup>
        <EuiHorizontalRule
          margin="m"
        />
      </EuiPanel>
    </EuiPageBody>
  </EuiPage>
</Fragment>
`;
