// Jest Snapshot v1, https://goo.gl/fbAQLP

exports[`Visualization field item component Renders field item component 1`] = `
<Component
  exists={true}
  field={
    Object {
      "name": "agent",
      "type": "string",
    }
  }
  hideDetails={false}
  highlight=""
>
  <Memo(InnerFieldItem)
    exists={true}
    field={
      Object {
        "name": "agent",
        "type": "string",
      }
    }
    hideDetails={false}
    highlight=""
  >
    <EuiPopover
      anchorPosition="rightUp"
      button={
        <DragDrop
          data-test-subj="lnsFieldListPanelField-agent"
          draggable={true}
        >
          <FieldButton
            aria-label=": string. Hit enter for a field preview."
            className="lnsFieldItem lnsFieldItem--string lnsFieldItem--exists"
            fieldIcon={
              <LensFieldIcon
                type="string"
              />
            }
            fieldInfoIcon={
              <EuiIconTip
                anchorClassName="lnsFieldItem__infoIcon"
                color="subdued"
                content="Click for a field preview, or drag and drop to visualize."
                size="s"
                type="iInCircle"
              />
            }
            fieldName={
              <EuiHighlight
                search=""
              >
                agent
              </EuiHighlight>
            }
            isActive={false}
            onClick={[Function]}
          />
        </DragDrop>
      }
      className="lnsFieldItem__popoverAnchor"
      closePopover={[Function]}
      data-test-subj="lnsFieldListPanelField"
      display="block"
      hasArrow={true}
      isOpen={false}
      ownFocus={true}
      panelClassName="lnsFieldItem__fieldPanel"
      panelPaddingSize="m"
    >
      <EuiOutsideClickDetector
        isDisabled={true}
        onOutsideClick={[Function]}
      >
        <div
          className="euiPopover euiPopover--anchorRightUp euiPopover--displayBlock lnsFieldItem__popoverAnchor"
          data-test-subj="lnsFieldListPanelField"
          onKeyDown={[Function]}
          onMouseDown={[Function]}
          onMouseUp={[Function]}
          onTouchEnd={[Function]}
          onTouchStart={[Function]}
        >
          <div
            className="euiPopover__anchor"
          >
            <DragDrop
              data-test-subj="lnsFieldListPanelField-agent"
              draggable={true}
            >
              <Memo(DragDropInner)
                data-test-subj="lnsFieldListPanelField-agent"
                draggable={true}
                isDragging={true}
                isNotDroppable={false}
                setDragging={[Function]}
              >
                <FieldButton
                  aria-label=": string. Hit enter for a field preview."
                  className="lnsFieldItem lnsFieldItem--string lnsFieldItem--exists lnsDragDrop lnsDragDrop-isDraggable lnsDragDrop-isDragging"
                  data-test-subj="lnsFieldListPanelField-agent"
                  draggable={true}
                  fieldIcon={
                    <LensFieldIcon
                      type="string"
                    />
                  }
                  fieldInfoIcon={
                    <EuiIconTip
                      anchorClassName="lnsFieldItem__infoIcon"
                      color="subdued"
                      content="Click for a field preview, or drag and drop to visualize."
                      size="s"
                      type="iInCircle"
                    />
                  }
                  fieldName={
                    <EuiHighlight
                      search=""
                    >
                      agent
                    </EuiHighlight>
                  }
                  isActive={false}
                  onClick={[Function]}
                  onDragEnd={[Function]}
                  onDragLeave={[Function]}
                  onDragOver={[Function]}
                  onDragStart={[Function]}
                  onDrop={[Function]}
                >
                  <div
                    aria-label=": string. Hit enter for a field preview."
                    className="osdFieldButton lnsFieldItem lnsFieldItem--string lnsFieldItem--exists lnsDragDrop lnsDragDrop-isDraggable lnsDragDrop-isDragging"
                    data-test-subj="lnsFieldListPanelField-agent"
                    draggable={true}
                    onDragEnd={[Function]}
                    onDragLeave={[Function]}
                    onDragOver={[Function]}
                    onDragStart={[Function]}
                    onDrop={[Function]}
                  >
                    <button
                      className="osd-resetFocusState osdFieldButton__button"
                      onClick={[Function]}
                    >
                      <span
                        className="osdFieldButton__fieldIcon"
                      >
                        <LensFieldIcon
                          type="string"
                        >
                          <FieldIcon
                            className="lnsFieldListPanel__fieldIcon"
                            type="string"
                          >
                            <EuiToken
                              aria-label="string"
                              className="osdFieldIcon lnsFieldListPanel__fieldIcon"
                              iconType="tokenString"
                              size="s"
                              title="string"
                            >
                              <span
                                className="euiToken euiToken--euiColorVis1 euiToken--square euiToken--light euiToken--small osdFieldIcon lnsFieldListPanel__fieldIcon"
                                style={Object {}}
                              >
                                <EuiIcon
                                  aria-label="string"
                                  size="m"
                                  title="string"
                                  type="tokenString"
                                >
                                  <EuiIconEmpty
                                    aria-hidden={true}
                                    aria-label="string"
                                    className="euiIcon euiIcon--medium euiIcon-isLoading"
                                    focusable="false"
                                    role="img"
                                    style={null}
                                    title="string"
                                  >
                                    <svg
                                      aria-hidden={true}
                                      aria-label="string"
                                      className="euiIcon euiIcon--medium euiIcon-isLoading"
                                      focusable="false"
                                      height={16}
                                      role="img"
                                      style={null}
                                      viewBox="0 0 16 16"
                                      width={16}
                                      xmlns="http://www.w3.org/2000/svg"
                                    />
                                  </EuiIconEmpty>
                                </EuiIcon>
                              </span>
                            </EuiToken>
                          </FieldIcon>
                        </LensFieldIcon>
                      </span>
                      <span
                        className="osdFieldButton__name"
                      >
                        <EuiHighlight
                          search=""
                        >
                          <span>
                            agent
                          </span>
                        </EuiHighlight>
                      </span>
                      <div
                        className="osdFieldButton__infoIcon"
                      >
                        <EuiIconTip
                          anchorClassName="lnsFieldItem__infoIcon"
                          color="subdued"
                          content="Click for a field preview, or drag and drop to visualize."
                          size="s"
                          type="iInCircle"
                        >
                          <EuiToolTip
                            anchorClassName="lnsFieldItem__infoIcon"
                            content="Click for a field preview, or drag and drop to visualize."
                            delay="regular"
                            position="top"
                          >
                            <span
                              className="euiToolTipAnchor lnsFieldItem__infoIcon"
                              onKeyUp={[Function]}
                              onMouseOut={[Function]}
                              onMouseOver={[Function]}
                            >
                              <EuiIcon
                                aria-label="Info"
                                color="subdued"
                                onBlur={[Function]}
                                onFocus={[Function]}
                                size="s"
                                tabIndex={0}
                                type="iInCircle"
                              >
                                <EuiIconEmpty
                                  aria-hidden={true}
                                  aria-label="Info"
                                  className="euiIcon euiIcon--small euiIcon--subdued euiIcon-isLoading"
                                  focusable="true"
                                  onBlur={[Function]}
                                  onFocus={[Function]}
                                  role="img"
                                  style={null}
                                  tabIndex={0}
                                >
                                  <svg
                                    aria-hidden={true}
                                    aria-label="Info"
                                    className="euiIcon euiIcon--small euiIcon--subdued euiIcon-isLoading"
                                    focusable="true"
                                    height={16}
                                    onBlur={[Function]}
                                    onFocus={[Function]}
                                    role="img"
                                    style={null}
                                    tabIndex={0}
                                    viewBox="0 0 16 16"
                                    width={16}
                                    xmlns="http://www.w3.org/2000/svg"
                                  />
                                </EuiIconEmpty>
                              </EuiIcon>
                            </span>
                          </EuiToolTip>
                        </EuiIconTip>
                      </div>
                    </button>
                  </div>
                </FieldButton>
              </Memo(DragDropInner)>
            </DragDrop>
          </div>
        </div>
      </EuiOutsideClickDetector>
    </EuiPopover>
  </Memo(InnerFieldItem)>
</Component>
`;
