// Jest Snapshot v1, https://goo.gl/fbAQLP

exports[`Filter component renders filters 1`] = `
<Filters
  filters={Array []}
  page="dashboard"
  setFilters={[MockFunction]}
>
  <EuiFlexGroup
    alignItems="center"
    gutterSize="xs"
    responsive={false}
    style={
      Object {
        "minHeight": 32,
      }
    }
  >
    <div
      className="euiFlexGroup euiFlexGroup--gutterExtraSmall euiFlexGroup--alignItemsCenter euiFlexGroup--directionRow"
      style={
        Object {
          "minHeight": 32,
        }
      }
    >
      <EuiFlexItem
        grow={false}
      >
        <div
          className="euiFlexItem euiFlexItem--flexGrowZero"
        >
          <GlobalFilterButton>
            <EuiPopover
              anchorPosition="rightUp"
              button={
                <EuiButtonIcon
                  aria-label="Change all filters"
                  iconType="filter"
                  onClick={[Function]}
                  title="Change all filters"
                />
              }
              closePopover={[Function]}
              display="inlineBlock"
              hasArrow={true}
              isOpen={false}
              ownFocus={false}
              panelPaddingSize="none"
              withTitle={true}
            >
              <EuiOutsideClickDetector
                isDisabled={true}
                onOutsideClick={[Function]}
              >
                <div
                  className="euiPopover euiPopover--anchorRightUp euiPopover--withTitle"
                  onKeyDown={[Function]}
                  onMouseDown={[Function]}
                  onMouseUp={[Function]}
                  onTouchEnd={[Function]}
                  onTouchStart={[Function]}
                >
                  <div
                    className="euiPopover__anchor"
                  >
                    <EuiButtonIcon
                      aria-label="Change all filters"
                      iconType="filter"
                      onClick={[Function]}
                      title="Change all filters"
                    >
                      <button
                        aria-label="Change all filters"
                        className="euiButtonIcon euiButtonIcon--primary"
                        disabled={false}
                        onClick={[Function]}
                        title="Change all filters"
                        type="button"
                      >
                        <EuiIcon
                          aria-hidden="true"
                          className="euiButtonIcon__icon"
                          size="m"
                          type="filter"
                        >
                          <EuiIconEmpty
                            aria-hidden={true}
                            className="euiIcon euiIcon--medium euiIcon-isLoading euiButtonIcon__icon"
                            focusable="false"
                            role="img"
                            style={null}
                          >
                            <svg
                              aria-hidden={true}
                              className="euiIcon euiIcon--medium euiIcon-isLoading euiButtonIcon__icon"
                              focusable="false"
                              height={16}
                              role="img"
                              style={null}
                              viewBox="0 0 16 16"
                              width={16}
                              xmlns="http://www.w3.org/2000/svg"
                            />
                          </EuiIconEmpty>
                        </EuiIcon>
                      </button>
                    </EuiButtonIcon>
                  </div>
                </div>
              </EuiOutsideClickDetector>
            </EuiPopover>
          </GlobalFilterButton>
        </div>
      </EuiFlexItem>
      <EuiFlexItem
        grow={false}
      >
        <div
          className="euiFlexItem euiFlexItem--flexGrowZero"
        >
          <AddFilterButton>
            <EuiPopover
              anchorPosition="downLeft"
              button={
                <EuiButtonEmpty
                  onClick={[Function]}
                  size="xs"
                >
                  + Add filter
                </EuiButtonEmpty>
              }
              closePopover={[Function]}
              display="inlineBlock"
              hasArrow={true}
              isOpen={false}
              ownFocus={false}
              panelPaddingSize="m"
              withTitle={true}
            >
              <EuiOutsideClickDetector
                isDisabled={true}
                onOutsideClick={[Function]}
              >
                <div
                  className="euiPopover euiPopover--anchorDownLeft euiPopover--withTitle"
                  onKeyDown={[Function]}
                  onMouseDown={[Function]}
                  onMouseUp={[Function]}
                  onTouchEnd={[Function]}
                  onTouchStart={[Function]}
                >
                  <div
                    className="euiPopover__anchor"
                  >
                    <EuiButtonEmpty
                      onClick={[Function]}
                      size="xs"
                    >
                      <button
                        className="euiButtonEmpty euiButtonEmpty--primary euiButtonEmpty--xSmall"
                        disabled={false}
                        onClick={[Function]}
                        type="button"
                      >
                        <EuiButtonContent
                          className="euiButtonEmpty__content"
                          iconSide="left"
                          textProps={
                            Object {
                              "className": "euiButtonEmpty__text",
                            }
                          }
                        >
                          <span
                            className="euiButtonContent euiButtonEmpty__content"
                          >
                            <span
                              className="euiButtonEmpty__text"
                            >
                              + Add filter
                            </span>
                          </span>
                        </EuiButtonContent>
                      </button>
                    </EuiButtonEmpty>
                  </div>
                </div>
              </EuiOutsideClickDetector>
            </EuiPopover>
          </AddFilterButton>
        </div>
      </EuiFlexItem>
    </div>
  </EuiFlexGroup>
</Filters>
`;
