// Jest Snapshot v1, https://goo.gl/fbAQLP

exports[`Datagrid Doc viewer component Renders Doc viewer component 1`] = `
<DocViewer
  hit={
    Object {
      "Carrier": "JetBeats",
      "avg(FlightDelayMin)": "45.957544288332315",
    }
  }
>
  <div
    className="osdDocViewer"
  >
    <EuiTabbedContent
      autoFocus="initial"
      onTabClick={[Function]}
      selectedTab={
        Object {
          "content": <component
            hit={
              Object {
                "Carrier": "JetBeats",
                "avg(FlightDelayMin)": "45.957544288332315",
              }
            }
          />,
          "id": "doc_viewer_tab_1",
          "name": "Table",
        }
      }
      tabs={
        Array [
          Object {
            "content": <component
              hit={
                Object {
                  "Carrier": "JetBeats",
                  "avg(FlightDelayMin)": "45.957544288332315",
                }
              }
            />,
            "id": "doc_viewer_tab_1",
            "name": "Table",
          },
          Object {
            "content": <component
              hit={
                Object {
                  "Carrier": "JetBeats",
                  "avg(FlightDelayMin)": "45.957544288332315",
                }
              }
            />,
            "id": "doc_viewer_tab_2",
            "name": "JSON",
          },
        ]
      }
    >
      <div>
        <EuiTabs
          onFocus={[Function]}
        >
          <div
            className="euiTabs"
            onFocus={[Function]}
            role="tablist"
          >
            <EuiTab
              aria-controls="random_html_id"
              id="doc_viewer_tab_1"
              isSelected={true}
              key="doc_viewer_tab_1"
              onClick={[Function]}
            >
              <button
                aria-controls="random_html_id"
                aria-selected={true}
                className="euiTab euiTab-isSelected"
                disabled={false}
                id="doc_viewer_tab_1"
                onClick={[Function]}
                role="tab"
                type="button"
              >
                <span
                  className="euiTab__content"
                >
                  Table
                </span>
              </button>
            </EuiTab>
            <EuiTab
              aria-controls="random_html_id"
              id="doc_viewer_tab_2"
              isSelected={false}
              key="doc_viewer_tab_2"
              onClick={[Function]}
            >
              <button
                aria-controls="random_html_id"
                aria-selected={false}
                className="euiTab"
                disabled={false}
                id="doc_viewer_tab_2"
                onClick={[Function]}
                role="tab"
                type="button"
              >
                <span
                  className="euiTab__content"
                >
                  JSON
                </span>
              </button>
            </EuiTab>
          </div>
        </EuiTabs>
        <div
          aria-labelledby="doc_viewer_tab_1"
          id="random_html_id"
          role="tabpanel"
        >
          <component
            hit={
              Object {
                "Carrier": "JetBeats",
                "avg(FlightDelayMin)": "45.957544288332315",
              }
            }
          >
            <DocViewTable
              filter={[Function]}
              hit={
                Object {
                  "Carrier": "JetBeats",
                  "avg(FlightDelayMin)": "45.957544288332315",
                }
              }
              onAddColumn={[Function]}
              onRemoveColumn={[Function]}
            >
              <table
                className="table table-condensed osdDocViewerTable"
              >
                <tbody>
                  <DocViewTableRow
                    displayNoMappingWarning={false}
                    displayUnderscoreWarning={false}
                    field="Carrier"
                    fieldType="string"
                    isCollapsed={false}
                    isCollapsible={false}
                    isColumnActive={false}
                    key="Carrier"
                    onFilter={[Function]}
                    onToggleCollapse={[Function]}
                    value="JetBeats"
                    valueRaw="JetBeats"
                  >
                    <tr
                      data-test-subj="tableDocViewRow-Carrier"
                      key="Carrier"
                    >
                      <td
                        className="osdDocViewer__buttons"
                      >
                        <DocViewTableRowBtnFilterAdd
                          disabled={true}
                          onClick={[Function]}
                        >
                          <EuiToolTip
                            content={
                              <FormattedMessage
                                defaultMessage="Unindexed fields can not be searched"
                                id="discover.docViews.table.unindexedFieldsCanNotBeSearchedTooltip"
                                values={Object {}}
                              />
                            }
                            delay="regular"
                            position="top"
                          >
                            <span
                              className="euiToolTipAnchor"
                              onKeyUp={[Function]}
                              onMouseOut={[Function]}
                              onMouseOver={[Function]}
                            >
                              <EuiButtonIcon
                                aria-label="Filter for value"
                                className="osdDocViewer__actionButton"
                                data-test-subj="addInclusiveFilterButton"
                                disabled={true}
                                iconSize="s"
                                iconType="magnifyWithPlus"
                                onBlur={[Function]}
                                onClick={[Function]}
                                onFocus={[Function]}
                              >
                                <button
                                  aria-label="Filter for value"
                                  className="euiButtonIcon euiButtonIcon--primary osdDocViewer__actionButton"
                                  data-test-subj="addInclusiveFilterButton"
                                  disabled={true}
                                  onBlur={[Function]}
                                  onClick={[Function]}
                                  onFocus={[Function]}
                                  type="button"
                                >
                                  <EuiIcon
                                    aria-hidden="true"
                                    className="euiButtonIcon__icon"
                                    size="s"
                                    type="magnifyWithPlus"
                                  >
                                    <EuiIconEmpty
                                      aria-hidden={true}
                                      className="euiIcon euiIcon--small euiIcon-isLoading euiButtonIcon__icon"
                                      focusable="false"
                                      role="img"
                                      style={null}
                                    >
                                      <svg
                                        aria-hidden={true}
                                        className="euiIcon euiIcon--small euiIcon-isLoading euiButtonIcon__icon"
                                        focusable="false"
                                        height={16}
                                        role="img"
                                        style={null}
                                        viewBox="0 0 16 16"
                                        width={16}
                                        xmlns="http://www.w3.org/2000/svg"
                                      />
                                    </EuiIconEmpty>
                                  </EuiIcon>
                                </button>
                              </EuiButtonIcon>
                            </span>
                          </EuiToolTip>
                        </DocViewTableRowBtnFilterAdd>
                        <DocViewTableRowBtnFilterRemove
                          disabled={true}
                          onClick={[Function]}
                        >
                          <EuiToolTip
                            content={
                              <FormattedMessage
                                defaultMessage="Unindexed fields can not be searched"
                                id="discover.docViews.table.unindexedFieldsCanNotBeSearchedTooltip"
                                values={Object {}}
                              />
                            }
                            delay="regular"
                            position="top"
                          >
                            <span
                              className="euiToolTipAnchor"
                              onKeyUp={[Function]}
                              onMouseOut={[Function]}
                              onMouseOver={[Function]}
                            >
                              <EuiButtonIcon
                                aria-label="Filter out value"
                                className="osdDocViewer__actionButton"
                                data-test-subj="removeInclusiveFilterButton"
                                disabled={true}
                                iconSize="s"
                                iconType="magnifyWithMinus"
                                onBlur={[Function]}
                                onClick={[Function]}
                                onFocus={[Function]}
                              >
                                <button
                                  aria-label="Filter out value"
                                  className="euiButtonIcon euiButtonIcon--primary osdDocViewer__actionButton"
                                  data-test-subj="removeInclusiveFilterButton"
                                  disabled={true}
                                  onBlur={[Function]}
                                  onClick={[Function]}
                                  onFocus={[Function]}
                                  type="button"
                                >
                                  <EuiIcon
                                    aria-hidden="true"
                                    className="euiButtonIcon__icon"
                                    size="s"
                                    type="magnifyWithMinus"
                                  >
                                    <EuiIconEmpty
                                      aria-hidden={true}
                                      className="euiIcon euiIcon--small euiIcon-isLoading euiButtonIcon__icon"
                                      focusable="false"
                                      role="img"
                                      style={null}
                                    >
                                      <svg
                                        aria-hidden={true}
                                        className="euiIcon euiIcon--small euiIcon-isLoading euiButtonIcon__icon"
                                        focusable="false"
                                        height={16}
                                        role="img"
                                        style={null}
                                        viewBox="0 0 16 16"
                                        width={16}
                                        xmlns="http://www.w3.org/2000/svg"
                                      />
                                    </EuiIconEmpty>
                                  </EuiIcon>
                                </button>
                              </EuiButtonIcon>
                            </span>
                          </EuiToolTip>
                        </DocViewTableRowBtnFilterRemove>
                        <DocViewTableRowBtnFilterExists
                          disabled={true}
                          onClick={[Function]}
                        >
                          <EuiToolTip
                            content={
                              <FormattedMessage
                                defaultMessage="Unable to filter for presence of meta fields"
                                id="discover.docViews.table.unableToFilterForPresenceOfMetaFieldsTooltip"
                                values={Object {}}
                              />
                            }
                            delay="regular"
                            position="top"
                          >
                            <span
                              className="euiToolTipAnchor"
                              onKeyUp={[Function]}
                              onMouseOut={[Function]}
                              onMouseOver={[Function]}
                            >
                              <EuiButtonIcon
                                aria-label="Filter for field present"
                                className="osdDocViewer__actionButton"
                                data-test-subj="addExistsFilterButton"
                                disabled={true}
                                iconSize="s"
                                iconType="indexOpen"
                                onBlur={[Function]}
                                onClick={[Function]}
                                onFocus={[Function]}
                              >
                                <button
                                  aria-label="Filter for field present"
                                  className="euiButtonIcon euiButtonIcon--primary osdDocViewer__actionButton"
                                  data-test-subj="addExistsFilterButton"
                                  disabled={true}
                                  onBlur={[Function]}
                                  onClick={[Function]}
                                  onFocus={[Function]}
                                  type="button"
                                >
                                  <EuiIcon
                                    aria-hidden="true"
                                    className="euiButtonIcon__icon"
                                    size="s"
                                    type="indexOpen"
                                  >
                                    <EuiIconEmpty
                                      aria-hidden={true}
                                      className="euiIcon euiIcon--small euiIcon-isLoading euiButtonIcon__icon"
                                      focusable="false"
                                      role="img"
                                      style={null}
                                    >
                                      <svg
                                        aria-hidden={true}
                                        className="euiIcon euiIcon--small euiIcon-isLoading euiButtonIcon__icon"
                                        focusable="false"
                                        height={16}
                                        role="img"
                                        style={null}
                                        viewBox="0 0 16 16"
                                        width={16}
                                        xmlns="http://www.w3.org/2000/svg"
                                      />
                                    </EuiIconEmpty>
                                  </EuiIcon>
                                </button>
                              </EuiButtonIcon>
                            </span>
                          </EuiToolTip>
                        </DocViewTableRowBtnFilterExists>
                      </td>
                      <td
                        className="osdDocViewer__field"
                      >
                        <FieldName
                          fieldName="Carrier"
                          fieldType="string"
                          scripted={false}
                        >
                          <EuiFlexGroup
                            alignItems="center"
                            gutterSize="s"
                            responsive={false}
                          >
                            <div
                              className="euiFlexGroup euiFlexGroup--gutterSmall euiFlexGroup--alignItemsCenter euiFlexGroup--directionRow"
                            >
                              <EuiFlexItem
                                className="eui-textTruncate"
                              >
                                <div
                                  className="euiFlexItem eui-textTruncate"
                                >
                                  <EuiToolTip
                                    anchorClassName="eui-textTruncate"
                                    content="Carrier"
                                    delay="long"
                                    position="top"
                                  >
                                    <span
                                      className="euiToolTipAnchor eui-textTruncate"
                                      onKeyUp={[Function]}
                                      onMouseOut={[Function]}
                                      onMouseOver={[Function]}
                                    >
                                      <span
                                        onBlur={[Function]}
                                        onFocus={[Function]}
                                      >
                                        Carrier
                                      </span>
                                    </span>
                                  </EuiToolTip>
                                </div>
                              </EuiFlexItem>
                            </div>
                          </EuiFlexGroup>
                        </FieldName>
                      </td>
                      <td>
                        <div
                          className="osdDocViewer__value"
                          dangerouslySetInnerHTML={
                            Object {
                              "__html": "JetBeats",
                            }
                          }
                          data-test-subj="tableDocViewRow-Carrier-value"
                        />
                      </td>
                    </tr>
                  </DocViewTableRow>
                  <DocViewTableRow
                    displayNoMappingWarning={false}
                    displayUnderscoreWarning={false}
                    field="avg(FlightDelayMin)"
                    fieldType="string"
                    isCollapsed={false}
                    isCollapsible={false}
                    isColumnActive={false}
                    key="avg(FlightDelayMin)"
                    onFilter={[Function]}
                    onToggleCollapse={[Function]}
                    value="45.957544288332315"
                    valueRaw="45.957544288332315"
                  >
                    <tr
                      data-test-subj="tableDocViewRow-avg(FlightDelayMin)"
                      key="avg(FlightDelayMin)"
                    >
                      <td
                        className="osdDocViewer__buttons"
                      >
                        <DocViewTableRowBtnFilterAdd
                          disabled={true}
                          onClick={[Function]}
                        >
                          <EuiToolTip
                            content={
                              <FormattedMessage
                                defaultMessage="Unindexed fields can not be searched"
                                id="discover.docViews.table.unindexedFieldsCanNotBeSearchedTooltip"
                                values={Object {}}
                              />
                            }
                            delay="regular"
                            position="top"
                          >
                            <span
                              className="euiToolTipAnchor"
                              onKeyUp={[Function]}
                              onMouseOut={[Function]}
                              onMouseOver={[Function]}
                            >
                              <EuiButtonIcon
                                aria-label="Filter for value"
                                className="osdDocViewer__actionButton"
                                data-test-subj="addInclusiveFilterButton"
                                disabled={true}
                                iconSize="s"
                                iconType="magnifyWithPlus"
                                onBlur={[Function]}
                                onClick={[Function]}
                                onFocus={[Function]}
                              >
                                <button
                                  aria-label="Filter for value"
                                  className="euiButtonIcon euiButtonIcon--primary osdDocViewer__actionButton"
                                  data-test-subj="addInclusiveFilterButton"
                                  disabled={true}
                                  onBlur={[Function]}
                                  onClick={[Function]}
                                  onFocus={[Function]}
                                  type="button"
                                >
                                  <EuiIcon
                                    aria-hidden="true"
                                    className="euiButtonIcon__icon"
                                    size="s"
                                    type="magnifyWithPlus"
                                  >
                                    <EuiIconEmpty
                                      aria-hidden={true}
                                      className="euiIcon euiIcon--small euiIcon-isLoading euiButtonIcon__icon"
                                      focusable="false"
                                      role="img"
                                      style={null}
                                    >
                                      <svg
                                        aria-hidden={true}
                                        className="euiIcon euiIcon--small euiIcon-isLoading euiButtonIcon__icon"
                                        focusable="false"
                                        height={16}
                                        role="img"
                                        style={null}
                                        viewBox="0 0 16 16"
                                        width={16}
                                        xmlns="http://www.w3.org/2000/svg"
                                      />
                                    </EuiIconEmpty>
                                  </EuiIcon>
                                </button>
                              </EuiButtonIcon>
                            </span>
                          </EuiToolTip>
                        </DocViewTableRowBtnFilterAdd>
                        <DocViewTableRowBtnFilterRemove
                          disabled={true}
                          onClick={[Function]}
                        >
                          <EuiToolTip
                            content={
                              <FormattedMessage
                                defaultMessage="Unindexed fields can not be searched"
                                id="discover.docViews.table.unindexedFieldsCanNotBeSearchedTooltip"
                                values={Object {}}
                              />
                            }
                            delay="regular"
                            position="top"
                          >
                            <span
                              className="euiToolTipAnchor"
                              onKeyUp={[Function]}
                              onMouseOut={[Function]}
                              onMouseOver={[Function]}
                            >
                              <EuiButtonIcon
                                aria-label="Filter out value"
                                className="osdDocViewer__actionButton"
                                data-test-subj="removeInclusiveFilterButton"
                                disabled={true}
                                iconSize="s"
                                iconType="magnifyWithMinus"
                                onBlur={[Function]}
                                onClick={[Function]}
                                onFocus={[Function]}
                              >
                                <button
                                  aria-label="Filter out value"
                                  className="euiButtonIcon euiButtonIcon--primary osdDocViewer__actionButton"
                                  data-test-subj="removeInclusiveFilterButton"
                                  disabled={true}
                                  onBlur={[Function]}
                                  onClick={[Function]}
                                  onFocus={[Function]}
                                  type="button"
                                >
                                  <EuiIcon
                                    aria-hidden="true"
                                    className="euiButtonIcon__icon"
                                    size="s"
                                    type="magnifyWithMinus"
                                  >
                                    <EuiIconEmpty
                                      aria-hidden={true}
                                      className="euiIcon euiIcon--small euiIcon-isLoading euiButtonIcon__icon"
                                      focusable="false"
                                      role="img"
                                      style={null}
                                    >
                                      <svg
                                        aria-hidden={true}
                                        className="euiIcon euiIcon--small euiIcon-isLoading euiButtonIcon__icon"
                                        focusable="false"
                                        height={16}
                                        role="img"
                                        style={null}
                                        viewBox="0 0 16 16"
                                        width={16}
                                        xmlns="http://www.w3.org/2000/svg"
                                      />
                                    </EuiIconEmpty>
                                  </EuiIcon>
                                </button>
                              </EuiButtonIcon>
                            </span>
                          </EuiToolTip>
                        </DocViewTableRowBtnFilterRemove>
                        <DocViewTableRowBtnFilterExists
                          disabled={true}
                          onClick={[Function]}
                        >
                          <EuiToolTip
                            content={
                              <FormattedMessage
                                defaultMessage="Unable to filter for presence of meta fields"
                                id="discover.docViews.table.unableToFilterForPresenceOfMetaFieldsTooltip"
                                values={Object {}}
                              />
                            }
                            delay="regular"
                            position="top"
                          >
                            <span
                              className="euiToolTipAnchor"
                              onKeyUp={[Function]}
                              onMouseOut={[Function]}
                              onMouseOver={[Function]}
                            >
                              <EuiButtonIcon
                                aria-label="Filter for field present"
                                className="osdDocViewer__actionButton"
                                data-test-subj="addExistsFilterButton"
                                disabled={true}
                                iconSize="s"
                                iconType="indexOpen"
                                onBlur={[Function]}
                                onClick={[Function]}
                                onFocus={[Function]}
                              >
                                <button
                                  aria-label="Filter for field present"
                                  className="euiButtonIcon euiButtonIcon--primary osdDocViewer__actionButton"
                                  data-test-subj="addExistsFilterButton"
                                  disabled={true}
                                  onBlur={[Function]}
                                  onClick={[Function]}
                                  onFocus={[Function]}
                                  type="button"
                                >
                                  <EuiIcon
                                    aria-hidden="true"
                                    className="euiButtonIcon__icon"
                                    size="s"
                                    type="indexOpen"
                                  >
                                    <EuiIconEmpty
                                      aria-hidden={true}
                                      className="euiIcon euiIcon--small euiIcon-isLoading euiButtonIcon__icon"
                                      focusable="false"
                                      role="img"
                                      style={null}
                                    >
                                      <svg
                                        aria-hidden={true}
                                        className="euiIcon euiIcon--small euiIcon-isLoading euiButtonIcon__icon"
                                        focusable="false"
                                        height={16}
                                        role="img"
                                        style={null}
                                        viewBox="0 0 16 16"
                                        width={16}
                                        xmlns="http://www.w3.org/2000/svg"
                                      />
                                    </EuiIconEmpty>
                                  </EuiIcon>
                                </button>
                              </EuiButtonIcon>
                            </span>
                          </EuiToolTip>
                        </DocViewTableRowBtnFilterExists>
                      </td>
                      <td
                        className="osdDocViewer__field"
                      >
                        <FieldName
                          fieldName="avg(FlightDelayMin)"
                          fieldType="string"
                          scripted={false}
                        >
                          <EuiFlexGroup
                            alignItems="center"
                            gutterSize="s"
                            responsive={false}
                          >
                            <div
                              className="euiFlexGroup euiFlexGroup--gutterSmall euiFlexGroup--alignItemsCenter euiFlexGroup--directionRow"
                            >
                              <EuiFlexItem
                                className="eui-textTruncate"
                              >
                                <div
                                  className="euiFlexItem eui-textTruncate"
                                >
                                  <EuiToolTip
                                    anchorClassName="eui-textTruncate"
                                    content="avg(FlightDelayMin)"
                                    delay="long"
                                    position="top"
                                  >
                                    <span
                                      className="euiToolTipAnchor eui-textTruncate"
                                      onKeyUp={[Function]}
                                      onMouseOut={[Function]}
                                      onMouseOver={[Function]}
                                    >
                                      <span
                                        onBlur={[Function]}
                                        onFocus={[Function]}
                                      >
                                        avg(FlightDelayMin)
                                      </span>
                                    </span>
                                  </EuiToolTip>
                                </div>
                              </EuiFlexItem>
                            </div>
                          </EuiFlexGroup>
                        </FieldName>
                      </td>
                      <td>
                        <div
                          className="osdDocViewer__value"
                          dangerouslySetInnerHTML={
                            Object {
                              "__html": "45.957544288332315",
                            }
                          }
                          data-test-subj="tableDocViewRow-avg(FlightDelayMin)-value"
                        />
                      </td>
                    </tr>
                  </DocViewTableRow>
                </tbody>
              </table>
            </DocViewTable>
          </component>
        </div>
      </div>
    </EuiTabbedContent>
  </div>
</DocViewer>
`;
