// Jest Snapshot v1, https://goo.gl/fbAQLP

exports[`<GenerateReportLoadingModal /> spec renders the component 1`] = `<div />`;
