// Jest Snapshot v1, https://goo.gl/fbAQLP

exports[`Count distribution component Renders count distribution component with data 1`] = `
<CountDistribution
  countDistribution={
    Object {
      "data": Object {
        "count()": Array [
          2549,
          9337,
          1173,
        ],
        "span(timestamp,1M)": Array [
          "2021-05-01 00:00:00",
          "2021-06-01 00:00:00",
          "2021-07-01 00:00:00",
        ],
      },
      "jsonData": Array [
        Object {
          "count()": 2549,
          "span(timestamp,1M)": "2021-05-01 00:00:00",
        },
        Object {
          "count()": 9337,
          "span(timestamp,1M)": "2021-06-01 00:00:00",
        },
        Object {
          "count()": 2549,
          "span(timestamp,1M)": "2021-07-01 00:00:00",
        },
      ],
      "metadata": Object {
        "fields": Array [
          Object {
            "name": "count()",
            "type": "integer",
          },
          Object {
            "name": "span(timestamp,1M)",
            "type": "timestamp",
          },
        ],
      },
    }
  }
>
  <Plt
    data={
      Array [
        Object {
          "name": Object {
            "name": "count()",
            "type": "integer",
          },
          "orientation": "v",
          "type": "bar",
          "x": Array [
            "2021-05-01 00:00:00",
            "2021-06-01 00:00:00",
            "2021-07-01 00:00:00",
          ],
          "y": Array [
            2549,
            9337,
            1173,
          ],
        },
      ]
    }
    layout={
      Object {
        "colorway": Array [
          "#8C55A3",
        ],
        "height": 220,
        "margin": Object {
          "b": 15,
          "l": 60,
          "pad": 0,
          "r": 10,
          "t": 30,
        },
        "showlegend": true,
      }
    }
  >
    <PlotlyComponent
      config={
        Object {
          "displayModeBar": false,
        }
      }
      data={
        Array [
          Object {
            "name": Object {
              "name": "count()",
              "type": "integer",
            },
            "orientation": "v",
            "type": "bar",
            "x": Array [
              "2021-05-01 00:00:00",
              "2021-06-01 00:00:00",
              "2021-07-01 00:00:00",
            ],
            "y": Array [
              2549,
              9337,
              1173,
            ],
          },
        ]
      }
      debug={false}
      divId="explorerPlotComponent"
      layout={
        Object {
          "autosize": true,
          "barmode": "stack",
          "colorway": Array [
            "#8C55A3",
          ],
          "height": 220,
          "hovermode": "closest",
          "legend": Object {
            "orientation": "h",
            "traceorder": "normal",
          },
          "margin": Object {
            "b": 15,
            "l": 60,
            "pad": 0,
            "r": 10,
            "t": 30,
          },
          "showlegend": true,
          "xaxis": Object {
            "automargin": true,
            "rangemode": "normal",
            "showgrid": true,
            "zeroline": false,
          },
          "yaxis": Object {
            "rangemode": "normal",
            "showgrid": true,
            "zeroline": false,
          },
        }
      }
      style={
        Object {
          "height": "100%",
          "width": "100%",
        }
      }
      useResizeHandler={true}
    >
      <div
        id="explorerPlotComponent"
        style={
          Object {
            "height": "100%",
            "width": "100%",
          }
        }
      />
    </PlotlyComponent>
  </Plt>
</CountDistribution>
`;

exports[`Count distribution component Renders empty count distribution component 1`] = `<CountDistribution />`;
