// Jest Snapshot v1, https://goo.gl/fbAQLP

exports[`Datagrid Doc viewer row component Renders Doc viewer row component 1`] = `
<ForwardRef
  doc={
    Object {
      "Carrier": "JetBeats",
      "avg(FlightDelayMin)": "45.957544288332315",
    }
  }
  selectedCols={
    Array [
      Object {
        "name": "avg(FlightDelayMin)",
        "type": "double",
      },
    ]
  }
>
  <tr
    className="osdDocTable__row"
  >
    <td
      className="osdDocTableCell__toggleDetails"
      key="grid-td-3"
    >
      <EuiButtonIcon
        className="euiButtonIcon euiButtonIcon--text"
        data-click-metric-element="event_analytics.events_view.toggle_details"
        iconType="arrowRight"
        onClick={[Function]}
      >
        <button
          className="euiButtonIcon euiButtonIcon--primary euiButtonIcon--empty euiButtonIcon--xSmall euiButtonIcon euiButtonIcon--text"
          data-click-metric-element="event_analytics.events_view.toggle_details"
          disabled={false}
          onClick={[Function]}
          type="button"
        >
          <EuiIcon
            aria-hidden="true"
            className="euiButtonIcon__icon"
            color="inherit"
            size="m"
            type="arrowRight"
          >
            <EuiIconEmpty
              aria-hidden={true}
              className="euiIcon euiIcon--medium euiIcon--inherit euiIcon-isLoading euiButtonIcon__icon"
              focusable="false"
              role="img"
              style={null}
            >
              <svg
                aria-hidden={true}
                className="euiIcon euiIcon--medium euiIcon--inherit euiIcon-isLoading euiButtonIcon__icon"
                focusable="false"
                height={16}
                role="img"
                style={null}
                viewBox="0 0 16 16"
                width={16}
                xmlns="http://www.w3.org/2000/svg"
              />
            </EuiIconEmpty>
          </EuiIcon>
        </button>
      </EuiButtonIcon>
    </td>
    <td
      className="osdDocTableCell__dataField eui-textBreakAll eui-textBreakWord"
      key="datagrid-cell-2"
    >
      45.957544288332315
    </td>
  </tr>
</ForwardRef>
`;
