// Jest Snapshot v1, https://goo.gl/fbAQLP

exports[`Gauge component Renders gauge component 1`] = `
<Gauge
  config={true}
  layout={
    Object {
      "colorway": Array [
        "#8C55A3",
      ],
      "height": 220,
      "margin": Object {
        "b": 15,
        "l": 60,
        "pad": 0,
        "r": 10,
        "t": 30,
      },
      "showlegend": true,
    }
  }
  visualizations={
    Object {
      "data": Object {
        "appData": Object {
          "fromApp": false,
        },
        "defaultAxes": Object {},
        "indexFields": Object {
          "availableFields": Array [
            Object {
              "name": "agent",
              "type": "string",
            },
            Object {
              "name": "bytes",
              "type": "long",
            },
            Object {
              "name": "clientip",
              "type": "ip",
            },
            Object {
              "name": "event",
              "type": "struct",
            },
            Object {
              "name": "extension",
              "type": "string",
            },
            Object {
              "name": "geo",
              "type": "struct",
            },
            Object {
              "name": "host",
              "type": "string",
            },
            Object {
              "name": "index",
              "type": "string",
            },
            Object {
              "name": "ip",
              "type": "ip",
            },
            Object {
              "name": "machine",
              "type": "struct",
            },
            Object {
              "name": "memory",
              "type": "double",
            },
            Object {
              "name": "message",
              "type": "string",
            },
            Object {
              "name": "phpmemory",
              "type": "long",
            },
            Object {
              "name": "referer",
              "type": "string",
            },
            Object {
              "name": "request",
              "type": "string",
            },
            Object {
              "name": "response",
              "type": "string",
            },
            Object {
              "name": "tags",
              "type": "string",
            },
            Object {
              "name": "timestamp",
              "type": "timestamp",
            },
            Object {
              "name": "url",
              "type": "string",
            },
            Object {
              "name": "utc_time",
              "type": "timestamp",
            },
          ],
          "queriedFields": Array [
            Object {
              "name": "double_per_ip_bytes",
              "type": "long",
            },
            Object {
              "name": "host",
              "type": "text",
            },
            Object {
              "name": "ip_count",
              "type": "integer",
            },
            Object {
              "name": "per_ip_bytes",
              "type": "long",
            },
            Object {
              "name": "resp_code",
              "type": "text",
            },
            Object {
              "name": "sum_bytes",
              "type": "long",
            },
          ],
          "selectedFields": Array [],
          "unselectedFields": Array [],
        },
        "query": Object {},
        "rawVizData": Object {
          "data": Object {
            "count()": Array [
              154,
              1753,
              116,
              468,
              1964,
              219,
            ],
            "tags": Array [
              "error",
              "info",
              "login",
              "security",
              "success",
              "warning",
            ],
          },
          "jsonData": Array [
            Object {
              "count()": 154,
              "tags": "error",
            },
            Object {
              "count()": 1753,
              "tags": "info",
            },
            Object {
              "count()": 116,
              "tags": "login",
            },
            Object {
              "count()": 468,
              "tags": "security",
            },
            Object {
              "count()": 1964,
              "tags": "success",
            },
            Object {
              "count()": 219,
              "tags": "warning",
            },
          ],
          "metadata": Object {
            "fields": Array [
              Object {
                "name": "count()",
                "type": "integer",
              },
              Object {
                "name": "tags",
                "type": "text",
              },
            ],
            "size": 6,
            "status": 200,
          },
        },
        "userConfigs": Object {
          "dataConfig": Object {
            "valueOptions": Object {
              "dimensions": Array [
                Object {
                  "label": "tags",
                  "name": "tags",
                  "type": "text",
                },
              ],
              "metrics": Array [
                Object {
                  "label": "count()",
                  "name": "count()",
                  "side": "left",
                  "type": "integer",
                },
              ],
            },
          },
        },
      },
      "vis": Object {
        "category": "Visualizations",
        "component": [Function],
        "editorconfig": Object {
          "panelTabs": Array [
            Object {
              "editor": [Function],
              "id": "data-panel",
              "mapTo": "dataConfig",
              "name": "Style",
              "sections": Array [
                Object {
                  "editor": [Function],
                  "id": "chart-styles",
                  "mapTo": "chartStyles",
                  "name": "Chart styles",
                  "schemas": Array [
                    Object {
                      "component": [Function],
                      "eleType": "buttons",
                      "mapTo": "orientation",
                      "name": "Orientation",
                      "props": Object {
                        "defaultSelections": Array [
                          Object {
                            "id": "auto",
                            "name": "Auto",
                          },
                        ],
                        "options": Array [
                          Object {
                            "id": "auto",
                            "name": "Auto",
                          },
                          Object {
                            "id": "v",
                            "name": "Vertical",
                          },
                          Object {
                            "id": "h",
                            "name": "Horizontal",
                          },
                        ],
                      },
                    },
                    Object {
                      "component": [Function],
                      "eleType": "buttons",
                      "mapTo": "legendPlacement",
                      "name": "Legend placement",
                      "props": Object {
                        "defaultSelections": Array [
                          Object {
                            "id": "center",
                            "name": "Center",
                          },
                        ],
                        "options": Array [
                          Object {
                            "id": "center",
                            "name": "Center",
                          },
                          Object {
                            "id": "right",
                            "name": "Right",
                          },
                          Object {
                            "id": "left",
                            "name": "Left",
                          },
                        ],
                      },
                    },
                    Object {
                      "component": [Function],
                      "eleType": "input",
                      "mapTo": "titleSize",
                      "name": "Title size",
                      "title": "Title size",
                    },
                    Object {
                      "component": [Function],
                      "eleType": "input",
                      "mapTo": "valueSize",
                      "name": "Value size",
                      "title": "Value size",
                    },
                    Object {
                      "component": [Function],
                      "currentValue": false,
                      "eleType": "switchButton",
                      "mapTo": "showThresholdLabels",
                      "name": "Show threshold labels",
                      "title": "Show threshold labels",
                    },
                    Object {
                      "component": [Function],
                      "currentValue": true,
                      "eleType": "switchButton",
                      "mapTo": "showThresholdMarkers",
                      "name": "Show threshold markers",
                      "title": "Show threshold markers",
                    },
                  ],
                },
                Object {
                  "defaultState": Array [],
                  "editor": [Function],
                  "id": "thresholds",
                  "mapTo": "thresholds",
                  "name": "Thresholds",
                  "props": Object {
                    "maxLimit": 1,
                  },
                  "schemas": Array [],
                },
              ],
            },
            Object {
              "content": Array [],
              "editor": [Function],
              "id": "style-panel",
              "mapTo": "layoutConfig",
              "name": "Layout",
            },
          ],
        },
        "fulllabel": "Gauge",
        "icon": [Function],
        "icontype": "visGauge",
        "id": "gauge",
        "label": "Gauge",
        "name": "Gauge",
        "selection": Object {
          "dataLoss": "nothing",
        },
        "type": "indicator",
        "valueseries": "yaxis",
        "visconfig": Object {
          "config": Object {
            "displaylogo": false,
            "responsive": true,
          },
          "layout": Object {
            "height": 1180,
            "legend": Object {
              "orientation": "v",
              "traceorder": "normal",
            },
            "margin": Object {
              "b": 30,
              "l": 60,
              "pad": 0,
              "r": 30,
              "t": 50,
            },
            "showlegend": true,
          },
        },
      },
    }
  }
>
  <EmptyPlaceholder
    icon="visGauge"
  >
    <EuiText
      className="lnsChart__empty"
      color="subdued"
      data-test-subj="vizWorkspace__noData"
      size="xs"
      textAlign="center"
    >
      <div
        className="euiText euiText--extraSmall lnsChart__empty"
        data-test-subj="vizWorkspace__noData"
      >
        <EuiTextAlign
          textAlign="center"
        >
          <div
            className="euiTextAlign euiTextAlign--center"
          >
            <EuiTextColor
              color="subdued"
              component="div"
            >
              <div
                className="euiTextColor euiTextColor--subdued"
              >
                <EuiIcon
                  color="subdued"
                  size="xxl"
                  type="visGauge"
                >
                  <EuiIconEmpty
                    aria-hidden={true}
                    className="euiIcon euiIcon--xxLarge euiIcon--subdued euiIcon-isLoading"
                    focusable="false"
                    role="img"
                    style={null}
                  >
                    <svg
                      aria-hidden={true}
                      className="euiIcon euiIcon--xxLarge euiIcon--subdued euiIcon-isLoading"
                      focusable="false"
                      height={16}
                      role="img"
                      style={null}
                      viewBox="0 0 16 16"
                      width={16}
                      xmlns="http://www.w3.org/2000/svg"
                    />
                  </EuiIconEmpty>
                </EuiIcon>
                <EuiSpacer
                  size="l"
                >
                  <div
                    className="euiSpacer euiSpacer--l"
                  />
                </EuiSpacer>
                <p>
                  <FormattedMessage
                    defaultMessage="No data found"
                    id="visualization_noData"
                    values={Object {}}
                  >
                    <span>
                      No data found
                    </span>
                  </FormattedMessage>
                </p>
              </div>
            </EuiTextColor>
          </div>
        </EuiTextAlign>
      </div>
    </EuiText>
  </EmptyPlaceholder>
</Gauge>
`;
