// Jest Snapshot v1, https://goo.gl/fbAQLP

exports[`Export Metrics Panel Component renders Export Metrics Panel Component 1`] = `
<Provider
  store={
    Object {
      "dispatch": [Function],
      "getState": [Function],
      "replaceReducer": [Function],
      "subscribe": [Function],
      Symbol(Symbol.observable): [Function],
    }
  }
>
  <MetricsExportPanel
    http={[MockFunction]}
    selectedPanelOptions={Array []}
    setSelectedPanelOptions={[MockFunction]}
    setVisualizationsMetaData={[MockFunction]}
    sortedMetricsLayout={
      Array [
        Object {
          "h": 2,
          "id": "Y4muP4QBiaYaSxpXk7r8",
          "metricType": "savedCustomMetric",
          "savedVisualizationId": "Y4muP4QBiaYaSxpXk7r8",
          "w": 12,
          "x": 0,
          "y": 0,
        },
        Object {
          "h": 2,
          "id": "prometheus.process_resident_memory_bytes",
          "metricType": "prometheusMetric",
          "savedVisualizationId": "prometheus.process_resident_memory_bytes",
          "w": 12,
          "x": 0,
          "y": 2,
        },
      ]
    }
    visualizationsMetaData={Array []}
  >
    <div
      style={
        Object {
          "minWidth": "15vw",
        }
      }
    >
      <EuiFormRow
        describedByIds={Array []}
        display="row"
        fullWidth={false}
        hasChildLabel={true}
        hasEmptyLabelSpace={false}
        helpText="Search existing dashboards or applications by name"
        label="Custom operational dashboards/application"
        labelType="label"
      >
        <div
          className="euiFormRow"
          id="random_html_id-row"
        >
          <div
            className="euiFormRow__labelWrapper"
          >
            <EuiFormLabel
              className="euiFormRow__label"
              htmlFor="random_html_id"
              isFocused={false}
              type="label"
            >
              <label
                className="euiFormLabel euiFormRow__label"
                htmlFor="random_html_id"
              >
                Custom operational dashboards/application
              </label>
            </EuiFormLabel>
          </div>
          <div
            className="euiFormRow__fieldWrapper"
          >
            <EuiComboBox
              aria-describedby="random_html_id-help-0"
              async={false}
              compressed={false}
              data-test-subj="eventExplorer__querySaveComboBox"
              fullWidth={false}
              id="random_html_id"
              isClearable={true}
              onBlur={[Function]}
              onChange={[Function]}
              onFocus={[Function]}
              options={Array []}
              placeholder="Select dashboards/applications"
              selectedOptions={Array []}
              singleSelection={false}
              sortMatchesBy="none"
            >
              <div
                aria-describedby="random_html_id-help-0"
                aria-expanded={false}
                aria-haspopup="listbox"
                className="euiComboBox"
                data-test-subj="eventExplorer__querySaveComboBox"
                onFocus={[Function]}
                onKeyDown={[Function]}
                role="combobox"
              >
                <EuiComboBoxInput
                  autoSizeInputRef={[Function]}
                  compressed={false}
                  fullWidth={false}
                  hasSelectedOptions={false}
                  id="random_html_id"
                  inputRef={[Function]}
                  isListOpen={false}
                  noIcon={false}
                  onChange={[Function]}
                  onClear={[Function]}
                  onClick={[Function]}
                  onCloseListClick={[Function]}
                  onFocus={[Function]}
                  onOpenListClick={[Function]}
                  onRemoveOption={[Function]}
                  placeholder="Select dashboards/applications"
                  rootId={[Function]}
                  searchValue=""
                  selectedOptions={Array []}
                  singleSelection={false}
                  toggleButtonRef={[Function]}
                  updatePosition={[Function]}
                  value=""
                >
                  <EuiFormControlLayout
                    compressed={false}
                    fullWidth={false}
                    icon={
                      Object {
                        "aria-label": "Open list of options",
                        "data-test-subj": "comboBoxToggleListButton",
                        "disabled": undefined,
                        "onClick": [Function],
                        "ref": [Function],
                        "side": "right",
                        "type": "arrowDown",
                      }
                    }
                  >
                    <div
                      className="euiFormControlLayout"
                    >
                      <div
                        className="euiFormControlLayout__childrenWrapper"
                      >
                        <div
                          className="euiComboBox__inputWrap euiComboBox__inputWrap-isClearable"
                          data-test-subj="comboBoxInput"
                          onClick={[Function]}
                          tabIndex={-1}
                        >
                          <p
                            className="euiComboBoxPlaceholder"
                          >
                            Select dashboards/applications
                          </p>
                          <AutosizeInput
                            aria-controls=""
                            className="euiComboBox__input"
                            data-test-subj="comboBoxSearchInput"
                            id="random_html_id"
                            injectStyles={true}
                            inputRef={[Function]}
                            minWidth={1}
                            onBlur={[Function]}
                            onChange={[Function]}
                            onFocus={[Function]}
                            role="textbox"
                            style={
                              Object {
                                "fontSize": 14,
                              }
                            }
                            value=""
                          >
                            <div
                              className="euiComboBox__input"
                              style={
                                Object {
                                  "display": "inline-block",
                                  "fontSize": 14,
                                }
                              }
                            >
                              <input
                                aria-controls=""
                                data-test-subj="comboBoxSearchInput"
                                id="random_html_id"
                                onBlur={[Function]}
                                onChange={[Function]}
                                onFocus={[Function]}
                                role="textbox"
                                style={
                                  Object {
                                    "boxSizing": "content-box",
                                    "width": "2px",
                                  }
                                }
                                value=""
                              />
                              <div
                                style={
                                  Object {
                                    "height": 0,
                                    "left": 0,
                                    "overflow": "scroll",
                                    "position": "absolute",
                                    "top": 0,
                                    "visibility": "hidden",
                                    "whiteSpace": "pre",
                                  }
                                }
                              />
                            </div>
                          </AutosizeInput>
                        </div>
                        <EuiFormControlLayoutIcons
                          compressed={false}
                          icon={
                            Object {
                              "aria-label": "Open list of options",
                              "data-test-subj": "comboBoxToggleListButton",
                              "disabled": undefined,
                              "onClick": [Function],
                              "ref": [Function],
                              "side": "right",
                              "type": "arrowDown",
                            }
                          }
                        >
                          <div
                            className="euiFormControlLayoutIcons euiFormControlLayoutIcons--right"
                          >
                            <EuiFormControlLayoutCustomIcon
                              aria-label="Open list of options"
                              data-test-subj="comboBoxToggleListButton"
                              iconRef={[Function]}
                              onClick={[Function]}
                              size="m"
                              type="arrowDown"
                            >
                              <button
                                aria-label="Open list of options"
                                className="euiFormControlLayoutCustomIcon euiFormControlLayoutCustomIcon--clickable"
                                data-test-subj="comboBoxToggleListButton"
                                onClick={[Function]}
                                type="button"
                              >
                                <EuiIcon
                                  aria-hidden="true"
                                  className="euiFormControlLayoutCustomIcon__icon"
                                  size="m"
                                  type="arrowDown"
                                >
                                  <EuiIconEmpty
                                    aria-hidden={true}
                                    className="euiIcon euiIcon--medium euiIcon-isLoading euiFormControlLayoutCustomIcon__icon"
                                    focusable="false"
                                    role="img"
                                    style={null}
                                  >
                                    <svg
                                      aria-hidden={true}
                                      className="euiIcon euiIcon--medium euiIcon-isLoading euiFormControlLayoutCustomIcon__icon"
                                      focusable="false"
                                      height={16}
                                      role="img"
                                      style={null}
                                      viewBox="0 0 16 16"
                                      width={16}
                                      xmlns="http://www.w3.org/2000/svg"
                                    />
                                  </EuiIconEmpty>
                                </EuiIcon>
                              </button>
                            </EuiFormControlLayoutCustomIcon>
                          </div>
                        </EuiFormControlLayoutIcons>
                      </div>
                    </div>
                  </EuiFormControlLayout>
                </EuiComboBoxInput>
              </div>
            </EuiComboBox>
            <EuiFormHelpText
              className="euiFormRow__text"
              id="random_html_id-help-0"
              key="Search existing dashboards or applications by name"
            >
              <div
                className="euiFormHelpText euiFormRow__text"
                id="random_html_id-help-0"
              >
                Search existing dashboards or applications by name
              </div>
            </EuiFormHelpText>
          </div>
        </div>
      </EuiFormRow>
    </div>
  </MetricsExportPanel>
</Provider>
`;
